This is a test of the file saving system under the new script.
Monitoring format, structure, and stability.
If this file is received and saved correctly, the file-handling pipeline is functioning as expected.
End of test message.